Starting a Gradle Daemon (subsequent builds will be faster)
:compileJava UP-TO-DATE
:processResources UP-TO-DATE
:classes UP-TO-DATE
:run

Connected to node - http://198.199.75.86:9984/ after 0 retry(s)...

Request#0
(*) REQUEST Transaction sent.. - b90e6291cfc2f7ed447ef2b774cf35a0f5993d86d637ac9199369cc3f95c3fa5
Request#0
Transaction successfully posted
(*) REQUEST Transaction sent.. - c78ff93915bc7273112835c489e564f3957ac65a35b28cbe6dc1962916831b64
Request#0
Transaction successfully posted
(*) REQUEST Transaction sent.. - baf548587131a8f56ffaab98cfb9d96abf9c89a2f1e6b2dce8b6ff6cd139c256
Request#0
(*) REQUEST Transaction sent.. - e8b3fef8e79de931ab96cfc6fa672d2fe4650a5c296d89bae6f03a25d6c55cf4
Request#0
Transaction successfully posted
(*) REQUEST Transaction sent.. - 5006c6fbb9dd0df43f6d8563e77eb19d11f62a64f90aa75fea79c79baf909d44
Request#0
Transaction successfully posted
(*) REQUEST Transaction sent.. - cc91722a08719112f7875701ab509ef2a7e507d91947ec007c55bb95f9a478c4
Request#0
(*) REQUEST Transaction sent.. - 1655d6558e964541830a6ae7b1f12742c8f8d2dfdd3e763519daacd848212a1a
Request#0
(*) REQUEST Transaction sent.. - 9f7f6dd79cae4a56bfbd2420e031423404ba572ef2728ceb9077042e52f4e3c4
Request#0
Transaction successfully posted
(*) REQUEST Transaction sent.. - b19a1818c38fd3390a61c823895c187a9fe32f90beeb5962a3e0d03eb039a6f9
Request#0
Transaction successfully posted
Transaction successfully posted
Transaction successfully posted
(*) REQUEST Transaction sent.. - cf38bf2022123efa24e9f007ff2d5b7cd8451762e7d85269f2551c87a29161ce
Request#0
Transaction successfully posted
(*) REQUEST Transaction sent.. - 655e7c7ad471393afbedaa656c7c1a273e1d617205ab6562fc4b5f67cb8127e4
Request#0
Transaction successfully posted
(*) REQUEST Transaction sent.. - 1116af43fb2a51491fd0e035b91c06950c17680fab88d84fd4b8436a7fbdfa22
Request#0
(*) REQUEST Transaction sent.. - f9153a4b67593362a9baf0039af709c5c99526863214eb5137c00ce78b198e7c
Request#0
(*) REQUEST Transaction sent.. - 65cf8a0e0da5dbde87b7733a49914c3238c1db484ace3aa379a6c01542e1c735
Request#0
(*) REQUEST Transaction sent.. - 56836be07403c6c79426caf635adb1165596a794b3a7c15200cb8c036f9e161f
Request#0
Transaction successfully posted
(*) REQUEST Transaction sent.. - 6f0d91b44d777ed2cbb354ae6a1a80e9d5f004f8936575bcdcf2de5a9208b5b0
Request#0
(*) REQUEST Transaction sent.. - 638e4afa1abfc0e2d2c1d52abf59c010c5565a83af16f8719e333bc75b7bec6e
Request#0
(*) REQUEST Transaction sent.. - be9dfb53f61c7ff81596af9cb47bfa41fbe84d8e87f5668b61b4cbb7c89c15e5
Request#0
Transaction successfully posted
Transaction successfully posted
(*) REQUEST Transaction sent.. - 911d8996acc7c212d893881b43a92781925733fb9bec5ae2b15944492f56458c
Request#0
Transaction successfully posted
Transaction successfully posted
Transaction successfully posted
(*) REQUEST Transaction sent.. - 0d90e37fa235ded6f2d8f4bbfea81bea804edc711ec45a2d4cb23e373f67b1a4
Request#0
Transaction successfully posted
(*) REQUEST Transaction sent.. - 6282e4f81a62b4abb06437848b634dd5a36e5e5aa35cfdc79b425078f9a87b44
Request#0
Transaction successfully posted
(*) REQUEST Transaction sent.. - db42de688b88f4a7c488b4105080877acb23d97d2de9aa72dd3691e8e109d200
Request#0
Transaction successfully posted
(*) REQUEST Transaction sent.. - d33efbc9031a15e9261f082c837fe27c6d5699e70420089a28df25d9a0f14cc4
Request#0
Transaction successfully posted
Transaction successfully posted
(*) REQUEST Transaction sent.. - 60ade421446139a64113a144dd1d6f16a3e447641629a074d99832f96a09799a
Request#0
(*) REQUEST Transaction sent.. - f7b5b9985d9dd87aae56e314f0f7e0a7780b9f6d6ed224ac9edfe494d0e03c81
Request#0
(*) REQUEST Transaction sent.. - fe7f45c7da6a7e482a6027472bf255ac9cae7991bddff2944363b6a4ceca4d56
Request#0
Transaction successfully posted
Transaction successfully posted
(*) REQUEST Transaction sent.. - 252ff0f9ce3289be1e576e31a5fe1a62890e0657b69a6df4b69b38398913a7f9
Request#0
(*) REQUEST Transaction sent.. - 9954170653459f8ee763c92e84a60426f92bddea607b6998cb83d1ae86d10ea9
Request#0
(*) REQUEST Transaction sent.. - 74595781de6408ee377fc40176bfe2dd9dd8b5804a6272780b73cd9c5cbc3196
Transaction successfully posted
Request#0
(*) REQUEST Transaction sent.. - 8a6b32d468b5aa00a5b1dbc4d8f23e1aa8f5e80584120d794e513be6805333e3
Request#0
(*) REQUEST Transaction sent.. - 46c98c4b64aa82a719f847113fa87179d8bd56a236c0dec51b752c38d3f41a23
Request#0
Transaction successfully posted
Transaction successfully posted
Transaction successfully posted
Transaction successfully posted
(*) REQUEST Transaction sent.. - 4180c9a45a3216ac09c086cfc6ec106ddc2fa7f2c3172b52a2ccb77bd602cf53
Transaction successfully posted
Request#0
(*) REQUEST Transaction sent.. - 8d217527600198889e50d075d20658241fbf72fb12768b3855419668d2ef3e09
Request#0
(*) REQUEST Transaction sent.. - c15147e0a593ee100bd2a842726efb1a2b33e18ed995fbee2e1ca8cf93e3353c
Request#0
Transaction successfully posted
Transaction successfully posted
Transaction successfully posted
(*) REQUEST Transaction sent.. - 7b7512440c5d7e7edfcf0075a6b911dd1b59b3ded08ab4de8a1d7c6b827e532e
Request#0
(*) REQUEST Transaction sent.. - 9f542163ed66e99f55639312017a78ee69e6d20ddb9aaafaec90f1b9cbcbaf13
Request#0
(*) REQUEST Transaction sent.. - 2034d58ea003f8d951390ef8e0c0a9373c9e325730803efc1fb4b2410a8f60a9
Request#0
(*) REQUEST Transaction sent.. - beb0d049794ed801fd3a5e600c7310a6e83c4860cf8e13340ef16b95fb0a2c0e
Request#0
(*) REQUEST Transaction sent.. - f773e309c5cdff84134759753a46fb2660fd03407688e3a331f2a8bfa73399cc
Request#0
Transaction successfully posted
Transaction successfully posted
Transaction successfully posted
Transaction successfully posted
(*) REQUEST Transaction sent.. - 35711b1ae0d9a59a629557d7fe42750abaa5d3f2147b64d2cda5dc9ac633b450
Request#0
(*) REQUEST Transaction sent.. - 0c645c9f4494f3692467f6162f283ea46ae4084bab326e321f69878ba6d8c111
Request#0
(*) REQUEST Transaction sent.. - e375bfb20c8190e57fde20cf9d8f6cd7e367082d55f8d51e7c7940a11527248e
Request#0
Transaction successfully posted
(*) REQUEST Transaction sent.. - 12156d50dd61098346af4816a58a5886dd203ab558509e69bb8c014ef807c829
Transaction successfully posted
Transaction successfully posted
Request#0
(*) REQUEST Transaction sent.. - 117d654aeecce153a6ad4bbfe181d4d086879bac5482b67bba426d608e9c699c
Request#0
(*) REQUEST Transaction sent.. - 6d37ee3d192cee5dd8338faa6295cbd2a6426892255c10b7e236aa858b9da578
Transaction successfully posted
Request#0
(*) REQUEST Transaction sent.. - 23c2c307b4c2f2800088ba1f00359ca3e9c8205e089c409ca77c3c258abf2274
Request#0
Transaction successfully posted
(*) REQUEST Transaction sent.. - 986fde308e55617363556d7f12ddb7495fd728a1641cf13a2cd123538f99d21c
Request#0
(*) REQUEST Transaction sent.. - c33d10ee84253751e8671e8de169fe2ab2a39e7159766db6114371aa0ae48e3f
Request#0
(*) REQUEST Transaction sent.. - 23a36137e7aa60a7481bec16ff98706b435465d38d0ff334f491e6e8926f13cf
Request#0
(*) REQUEST Transaction sent.. - c3f97fe2204f0e2e68bd7a6ef5aba0a96c0a130e38bc94d3907dce582aad552d
Request#0
(*) REQUEST Transaction sent.. - defb7b332a6a9151a6461c394f95fea4e0bbdbee44c48049832d2c0c4623bb41
Request#0
Transaction successfully posted
(*) REQUEST Transaction sent.. - ea718871b63a669e8a3e3c41bc57d706756cc5db8fd111e8f7eaf6cca97ecc26
Request#0
Transaction successfully posted
Transaction successfully posted
(*) REQUEST Transaction sent.. - fab820024f0565acd4396087eaec39cc159118bd16aab2dc1e0876fd074e4cfb
Request#0
(*) REQUEST Transaction sent.. - 436776262a38889bab2ccf3d946d435f45646386be3da5ed5c6476795822aa74
Request#0
Transaction successfully posted
(*) REQUEST Transaction sent.. - 95bb6b978b6f72b04bab93029cf88369f8c9747bb4f4c32f8fc1754a59e72732
Request#0
Transaction successfully posted
(*) REQUEST Transaction sent.. - 9853b8df2b421f6322724687359fdbb0f4928be67aa8f4304547deaa972b7d2d
Request#0
(*) REQUEST Transaction sent.. - ac22da618e0fe01680ab6abc1eec9cab197f49d89a5a01a9db4a43522fe807b8
Request#0
(*) REQUEST Transaction sent.. - 0ea5d102449ff810630440114b42c28ccabf7aef46f817f34bf7dc2d764b60d8
Request#0
Transaction successfully posted
Transaction successfully posted
(*) REQUEST Transaction sent.. - c946aa51249353159142f2882751213f68ab6d5dbedd6ff9bc1e95e95f42e61d
Request#0
Transaction successfully posted
(*) REQUEST Transaction sent.. - 313cc90659aaaeae1b6d19bd37f3e102ec30c80ec78f0e8b8b79cd2caf006460
Request#0
(*) REQUEST Transaction sent.. - fbc05fb7c9bff5fae8c69dfe2d8a66ecf941b1b54dc1495af68abae59eb7994c
Request#0
(*) REQUEST Transaction sent.. - 14cca6e0f22229abbe3310e968cab82cda2a6693515d39077fa3936d0ab4da1c
Request#0
Transaction successfully posted
(*) REQUEST Transaction sent.. - 678a783690f742df7d11c81f12849b0ab9f274ab7c8baee86b362a9f83d70fbf
Request#0
Transaction successfully posted
(*) REQUEST Transaction sent.. - 9d77933785da4b10c38b902a7c2e36fdebea09af7b94af79471c6724ae6cc290
Request#0
(*) REQUEST Transaction sent.. - 94616807462ac9cec17eaeeeb68fba7a8fe752fe779a52c8af2b51813f549164
Request#0
(*) REQUEST Transaction sent.. - c909488bac834a1266e7a6ae1481f37961c8b06add32f51f5bbbe87a582a71ab
Request#0
(*) REQUEST Transaction sent.. - 5f34f7109f3903f91061f56c70dba91283665dd65975851df4ded3b648d27b91
Request#0
(*) REQUEST Transaction sent.. - 495ef6d766e9ec617d97f1acdd85019c2a26e1cf4c8cc2056fd5656eb60b3cef
Request#0
Transaction successfully posted
(*) REQUEST Transaction sent.. - 39da89a23f6fe6ae885b5a70c0d3ea08afc5f92438c52e4c32e35d920384a306
Request#0
Transaction successfully posted
Transaction successfully posted
(*) REQUEST Transaction sent.. - ba632d83adbd426dc84a27bd81bfb0d5cfe9d3e4dc820f122d01c54535320e59
Request#0
(*) REQUEST Transaction sent.. - 81ec3bddc7ff392de38bb04b9c3cf99c2461a0d9552837ec6ca56108aee0774a
Request#0
(*) REQUEST Transaction sent.. - 887a3727055a2e61801be41a40caf0b2948b010892bf945a3571aca09110d5a6
Request#0
(*) REQUEST Transaction sent.. - 20ada0d54e4fdeb391e3e1e6220f3409b9a8b0a9e59082c974b1b6868ee2661a
Request#0
(*) REQUEST Transaction sent.. - e285609786a52a1bc311f386db5f436b48204e857b918908ddb840ab7df380ff
Request#0
(*) REQUEST Transaction sent.. - 42228a00152bc23564a324d09c68c8991e66d4bd0fd2c8b5e03eeaafcebfed09
Request#0
(*) REQUEST Transaction sent.. - 44dcd43e5cc007ac0f88a56ee0c276833919da7ac28569e957e3de038b2992c2
Request#0
(*) REQUEST Transaction sent.. - a0ef0343930da1c03975994a3d79f2df6cae270a71b6fbe341c40f797969986d
Request#0
Transaction successfully posted
(*) REQUEST Transaction sent.. - e4ec93121e069ea0f92dbc32be15d94be0124f79309ac37d6240864099a4f296
Request#0
(*) REQUEST Transaction sent.. - f7f976bb9a74e76e9b1f6f23be24b61d8ed1ea70ed83b65470f608f1900e691a
Request#0
Transaction successfully posted
(*) REQUEST Transaction sent.. - f636d3653971cde360add4470c3311c69affc9ef5496fa92877314f4065c148c
Request#0
(*) REQUEST Transaction sent.. - 120fc3047377b85f2600dff271f62b4dcf5ff97f03a4aff98fdf5e713d63b6b3
Request#0
(*) REQUEST Transaction sent.. - 01e87b09be07865ac56cb446bafa3119fcf66141692a1d0fa4e610f42b33f0f7
Request#0
(*) REQUEST Transaction sent.. - e32384d1d9cfb9af2b9aede9afd11a5cd1a3ff6b94904db8ee0eb9a90782c3e9
Request#0
(*) REQUEST Transaction sent.. - be0f59a0eb12910fd7d7af9cf2eeab8703afec769d64bec597ec0bd908f0c90a
Request#0
Transaction successfully posted
(*) REQUEST Transaction sent.. - 4517e22189f3d2e9b23d3aabf8472ae574aeee7fb840515d7343c08d1aad0008
Request#0
(*) REQUEST Transaction sent.. - d7be53c79a802c2f475b3f7094e5dc0c9a26d7e62a875131d9899a16a07f36e5
Request#0
(*) REQUEST Transaction sent.. - 223ed5527e0c3e8fb1e948bc1aff785dba95394d5e1581ce7a1e6678196f0ad5
Request#0
Transaction successfully posted
(*) REQUEST Transaction sent.. - 7a250115501e626e5536ccb9b19fca8ba844ff6e76e33ad948cff3fcef6559fb
Request#0
Transaction successfully posted
(*) REQUEST Transaction sent.. - d1ab4d9b04c61da53e4630ff05d13f30f26af64c65040eafea0484915a7fb45a
Request#0
(*) REQUEST Transaction sent.. - f1cb528e1d0ba4a89dc638acbd048667edcf86e26c3559ecd4840bf05d3f3ae3
Request#0
(*) REQUEST Transaction sent.. - 3645670dbc44a85cd1f958a10de7065bcbae4c1d84d6dbc2974fb72f8caeb72b
Request#0
(*) REQUEST Transaction sent.. - e56dd27c2ab1c0c56945ef572e66bdb14cef46d53c1cae1cfdb4be85fb04a57a
Request#0
Transaction successfully posted
Transaction successfully posted
Transaction successfully posted
(*) REQUEST Transaction sent.. - 2cc44204175afb17346c4ed06c1cdd0f05a75e5cdac1603056df9993643f22c0
Request#0
(*) REQUEST Transaction sent.. - 5261b1807dea5d2b2ed57a25f82720f3ed1893b7e0a04e13adf6d7dec2f42919
Request#0
(*) REQUEST Transaction sent.. - edb28e45e28277c5b8b024375de3f5eee8ed3a1976f9879c0a7fa088125a0e58
Request#0
(*) REQUEST Transaction sent.. - c89ee3cdc886c33584533ad1f371f5421a84d5b865edc130aaa366e7c4a960dc
Request#0
Transaction successfully posted
(*) REQUEST Transaction sent.. - 0936f1aa6e0d4359175922a1b7047d3e5e7ba2c8b9c20a3fcd5a9d22b790afaa
Request#0
(*) REQUEST Transaction sent.. - c6b19e7bab3ed7cd4d6f0ce155afcede8c3d57c53fdd75f254a86112ba53fb4b
Request#0
(*) REQUEST Transaction sent.. - 6de356d90fcec46ff5b6b028a5e90530d5cdf9273a8ea902e3d133d4685c78cf
Request#0
(*) REQUEST Transaction sent.. - 3c7f94317fde67b022070a095b7644bad08e98d85e99b11c153fadcf76501f32
(*) CREATE Transaction sent.. - 996004118e90acf41e00bd80e4a7527f02e57bea984a5e07ab2e75851242c748
Transaction successfully posted
Transaction successfully posted
Transaction successfully posted
Transaction successfully posted
Transaction successfully posted
Transaction successfully posted
Transaction successfully posted
Transaction successfully posted
Transaction successfully posted
Transaction successfully posted
Transaction successfully posted
Transaction successfully posted
Transaction successfully posted
Transaction successfully posted
Transaction successfully posted
Transaction successfully posted
Transaction successfully posted
Transaction successfully posted
Transaction successfully posted
Transaction successfully posted
Transaction successfully posted
Transaction successfully posted
Transaction successfully posted
Transaction successfully posted
Transaction successfully posted
Transaction successfully posted
Transaction successfully posted
Transaction successfully posted
Transaction successfully posted
Transaction successfully posted
Transaction successfully posted
Transaction successfully posted
Transaction successfully posted
Transaction successfully posted
Transaction successfully posted
Transaction successfully posted
Transaction successfully posted
Transaction successfully posted
(*) CREATE Transaction sent.. - abecd36e578bf4ae39d42e2ee57ee8bafe7b1acbea155d443cdddd7aa9b6beeb
Transaction successfully posted
(*) CREATE Transaction sent.. - 1b9d73b393aeb8189770f75a4da8410936759c98484603938cd8a8ee82971c2a
Transaction successfully posted
(*) CREATE Transaction sent.. - 2aaa23673dd8c7f483f9e5a53ea96136c30c494d170d51b6a28e67d3706b7bc3
Transaction successfully posted
(*) CREATE Transaction sent.. - 927f720e9a6e16939b71153807e95939fa1855cb555207a593bb92769e42859d
Transaction successfully posted
(*) CREATE Transaction sent.. - 80894859b4f77dcd82946c1ff61b467a165147a184dd9712f34e58e1b00d66a1
Transaction successfully posted
(*) CREATE Transaction sent.. - 8eb2154d1abd596d62f49453e6467a315d8fbc1d99994848e11db003d237353b
Transaction successfully posted
(*) CREATE Transaction sent.. - f47170b51204d2eec87882e1b749daf5995d8acb67c2ba8fbaabb8be83f395c3
Transaction successfully posted
(*) CREATE Transaction sent.. - 1fd944e4c171f65211fa083d997511434bb6a0e0a3ea2b09b4d304ac9ed5b0fd
Transaction successfully posted
(*) CREATE Transaction sent.. - 9cf8f5f377bc26d850d787c5768619653f5cf4b8a3582571e23a2f2cc79a118d
Transaction successfully posted
(*) CREATE Transaction sent.. - 16412427bc7757fae7aff2ecad2d6be8d36848e2dde06285c9008ad178b9cdf1
Transaction successfully posted
(*) CREATE Transaction sent.. - 4abebe24b0f30291a89b5e4424dbe44c8117af20a11ed4629afe1496cfce7aae
Transaction successfully posted
(*) CREATE Transaction sent.. - cea64353aef08b0418f62e39c5a039af9f8ae4bb2e2e6ad5aaf577872e99ecf8
Transaction successfully posted
(*) CREATE Transaction sent.. - 1c49f67edb0999da4ceb4fd96e992100f2fad831bee9ddf183aacee113588f68
Transaction successfully posted
(*) CREATE Transaction sent.. - c92137b0bf14c5e61eb30608dc1cab5e1b0a3e78bb329e973b9db9af40bd7847
Transaction successfully posted
(*) CREATE Transaction sent.. - 123757237efe4fe6f768158b085cbc7aab2d67cc1e86ad77362e383d7669a6a1
Transaction successfully posted
(*) CREATE Transaction sent.. - f5d902243695fac61634404d435b3b9c1132f97981064b62189acf9d97dcf78a
Transaction successfully posted
(*) CREATE Transaction sent.. - 917ef6facf7c053973bed44e6196ca6aa86be28527c0f0c8f7a1d3ec83d43def
Transaction successfully posted
(*) CREATE Transaction sent.. - fd271358af3d5124f7318d52f4078f807b29477ef745c0395820a65a1180809d
Transaction successfully posted
(*) CREATE Transaction sent.. - 037d758ec37386d397da9626d1b30237bdb40a884dd6173b193ae7d427d1296d
Transaction successfully posted
(*) CREATE Transaction sent.. - 51e72b0fb913933a3afd6cf34beaca65e2087054e5e6b990dd288152e488f554
Transaction successfully posted
(*) CREATE Transaction sent.. - 42fcd730aa1c514bd4587daee541d2c791f1cd7abe44daa169b7e81b04cf996e
Transaction successfully posted
(*) CREATE Transaction sent.. - 08e536dd52e249a66a5dcae6c884f8d5bb99037e95b531d0b92153749a48ba6c
Transaction successfully posted
(*) CREATE Transaction sent.. - d805b4ea66a99d9284c9d145604ca488ef82255ca7e311376ff181dc0b5fb3f2
Transaction successfully posted
(*) CREATE Transaction sent.. - de720f24dbd511477eae7dcffc5bc88d501b94312f87518be3e3116c0936473d
Transaction successfully posted
(*) CREATE Transaction sent.. - e0d59bc67b320805a0a997902f0f9671ef4fd07b5239f676b7dd3a5c9721feee
Transaction successfully posted
(*) CREATE Transaction sent.. - 0bca20784dc2805e8973d26004825513fca0fe57ff3077b2956508359e3973a9
Transaction successfully posted
(*) CREATE Transaction sent.. - c7a59d692faec041044b89027d35ce8fc993e41d4f00d99763ea6349f2ccda5d
Transaction successfully posted
(*) CREATE Transaction sent.. - 179a39fe3913528335807c6ab9e4cc3e12f6bdcecf8c42601c9b35dbd6dd80ff
Transaction successfully posted
(*) CREATE Transaction sent.. - a60436499ed96ffee03d94a055b3235be8da3252d2801a4de1050dc570a08baa
Transaction successfully posted
(*) CREATE Transaction sent.. - 14435b750ee606dd33d6ab959dd48df81b4e0ee358ada29f37a6e6813b6e0e56
Transaction successfully posted
(*) CREATE Transaction sent.. - ee16e74d9c6e792afcd3daadd8b56ecf58aa9e7019216ea8e33707223443b28c
Transaction successfully posted
(*) CREATE Transaction sent.. - e141bf855a35e8cf59dc10b3ef80ea8aa5982423fa96895a3121dd0feacb697f
Transaction successfully posted
(*) CREATE Transaction sent.. - 1bf239702a8fa87c80f30f467aa6800ab95fd2e4fc1d247da9994bc126928f0d
Transaction successfully posted
(*) CREATE Transaction sent.. - 8a9d80d1a61c65cbf8d703330ba38196ee053b063ba05faf65d1ebc1e47879fd
Transaction successfully posted
(*) CREATE Transaction sent.. - f51caffba8ec9b69ec3bd77ddae64f8ba81b3a3d6d89bfd30769fe3ecce33666
Transaction successfully posted
(*) CREATE Transaction sent.. - 91af24b25e896e3d8990c9744c1746f8eb4f906d25eaf0166a43a6c5a7d177ec
Transaction successfully posted
(*) CREATE Transaction sent.. - c280040eae31d7b5d8da4c5a51a459861dbf0744d72891f207fe5de560bd6f1e
Transaction successfully posted
(*) CREATE Transaction sent.. - 4b01738d4f2c87333197ca35f9d36da9a2ebd0ceb6f714371f54ccdd61b21d4a
Transaction successfully posted
(*) CREATE Transaction sent.. - e935cd19e47bcb0b7a7cdb23902c96a7f6bd0906ee92d1b38c8abafdf2114d0e
Transaction successfully posted
(*) CREATE Transaction sent.. - e3524f46e9cb1966ed49b7d6af20e9f17139e2475485f95a3e12b17329948bdc
Transaction successfully posted
(*) CREATE Transaction sent.. - e1458476295bf7e680be51a0775c00c734bdf4e0192e480261f9ae79e03ca0a4
Transaction successfully posted
(*) CREATE Transaction sent.. - ed0584768e4b9bf1578d0e72283d20230450d3e81beafd16915b99458f0e9bfd
Transaction successfully posted
(*) CREATE Transaction sent.. - f22f3f3e61646280fe367b2b3250dc9409c5ad02d61e047f06224ae8e44fe1d8
Transaction successfully posted
(*) CREATE Transaction sent.. - e8fe85f38ceaab54e54d28956cda6ed66245e9276d548575828de512bb1712f1
Transaction successfully posted
(*) CREATE Transaction sent.. - 9e9d46fdd40ae4c999f1f0cdfdc0d581ce3f2eb326461cbceb10c97797a21deb
Transaction successfully posted
(*) CREATE Transaction sent.. - ddb19098134377e0f4ccd8bd2a77ed30093f492ff0ccd2b6066e270f1852cda7
Transaction successfully posted
(*) CREATE Transaction sent.. - 4e0637afe9e784060021b1bd98c5b1af788b27c1780fed163f222b89836fd153
Transaction successfully posted
(*) CREATE Transaction sent.. - a53a7eed46714862d30c852312a5125b592f6abd8e92dda6b87a789a291fcddf
Transaction successfully posted
(*) CREATE Transaction sent.. - 1a45419de98793723dbe3f12c40550ecb184393f62e0dba28fa66ee24c49dff6
Transaction successfully posted
(*) CREATE Transaction sent.. - 08389f7f8e509c2cfe4097c4b558d925f92a4b043275faa310031ebe184a18e6
Transaction successfully posted
(*) CREATE Transaction sent.. - 7067aaa1a3108643bc5d9424905c143d2953296507251ef271cc9fc1fb70f0c6
Transaction successfully posted
(*) CREATE Transaction sent.. - 501f547cd0fc9d51539b9ad573384ca82e3838b3efcac668d718a2fb891c6161
Transaction successfully posted
(*) CREATE Transaction sent.. - a2213dc52ebca61a0226a1f61d37ef46686da1ccf2f53044dd6f5eee4ff649c8
Transaction successfully posted
(*) CREATE Transaction sent.. - 148e0052bbf88562d68188e238b1b9d6945f275d73d179fa99d4a4230832093d
Transaction successfully posted
(*) CREATE Transaction sent.. - 7be6bcfc0c0ed35234c17711a6081dc8f1dfc64ff0324defc9bca59fe4625065
Transaction successfully posted
(*) CREATE Transaction sent.. - f738913c8005b8370792a26fc7bf26e46bf268a48581dca52dda83961269aeb4
Transaction successfully posted
(*) CREATE Transaction sent.. - a00f76c3aab020d2176940b1284cbdd661a4c8262de3cd6439b4ea33bd15aae4
Transaction successfully posted
(*) CREATE Transaction sent.. - 8d5ce286ea334d10fa1cec8a298fb6c46f158d90f73c58f85e9aec7e403f65b6
Transaction successfully posted
(*) CREATE Transaction sent.. - e2435213eb6dcd5859301442a5049619b979896fee20c1c4d8e0167598854f92
Transaction successfully posted
(*) CREATE Transaction sent.. - 1af3dcd8e296128c79648bcc027979f0d6c1d7c7197f42bf299e7ce44122d557
Transaction successfully posted
(*) CREATE Transaction sent.. - 0954b6a406b5f9a7445381ef9c76e30736406de5b2996fe117b1db5accf388c9
Transaction successfully posted
(*) CREATE Transaction sent.. - fdca53e6b712bd8f3a61b556ef6fe24d5d5c451ccdde8896ffeb15e8ebacbdcd
Transaction successfully posted
(*) CREATE Transaction sent.. - 427817fccb52c4438cf1f8223d63489284f73ccb9bb52e101d2ed6ea438e33e8
Transaction successfully posted
(*) CREATE Transaction sent.. - cf0de056a55b6efbc5ba70da551626fae3c2626eaa0a5087b62bf12f53253d03
Transaction successfully posted
(*) CREATE Transaction sent.. - c427b1f3d7d157e6a1d02ab06e521e7254829862554c4b7d373c94340fb61c81
Transaction successfully posted
(*) CREATE Transaction sent.. - 33709740387c3f173ae7d30da58c9758443193f29e5d0af7e678fc3320478d74
Transaction successfully posted
(*) CREATE Transaction sent.. - cc28d33159c99b192c3b868425ffc4f1be2a45ab4cb140e5357655a56c2d5055
Transaction successfully posted
(*) CREATE Transaction sent.. - 16b739bd065c43d5b56ed3300f311bb59901d2a093b8e4559073fcd9c89dca66
Transaction successfully posted
(*) CREATE Transaction sent.. - 898d2efa8fbd695e30a780129195520aa3b44296a0f10e9ae720550fc8e94124
Transaction successfully posted
(*) CREATE Transaction sent.. - 215b4b904e2c2ab964074db02c0b10987778aa26f519f7f64ef2de8afa7d31ea
Transaction successfully posted
(*) CREATE Transaction sent.. - 7fed664f50830468de814a16675a44726faa07951091cd35e31ad36ed6a239e8
Transaction successfully posted
(*) CREATE Transaction sent.. - 0e36e50d71ce072088d214c3310262ff567cd6ff9e454c060aca94734831b7bb
Transaction successfully posted
(*) CREATE Transaction sent.. - e0b8dcf3bea59b1ad57efd636534d9f3070415d5821a6d9f1de5f69356fee439
Transaction successfully posted
(*) CREATE Transaction sent.. - 307432ea6af52731ded217afa5f1678a25e2e027a6af831e39b69fdf9acf1a13
Transaction successfully posted
(*) CREATE Transaction sent.. - 21425e609d53855d0b10252c108e2184a2e43386a39654a5a9d597bd36775895
Transaction successfully posted
